# 0020
1 Seed                         ✓ Draft
2 Propose                      – no Premortem:, no Ground-sweep: · joint_checks=1
3 Refine                       ~ open — CAs all Pending
4 Resolve                      – open — 2 of 2 Pending
5+6 Pre-Lock (review+resolve)  – profile=mid · Determinacy: unjudged
6 Reconcile                    – no reconcile/
7 Finalize                     – gate.md
7.1 Cluster                    ~ not clustered · clustered unset · cluster_reconciled=false
8 Implement                    – no capsule

# 0021
1 Seed                         ✓ Final
2 Propose                      ✓ Premortem: Ground-sweep: · joint_checks unset
3 Refine                       ~ judged done — 1 Verified, 0 terminal
4 Resolve                      ✓ spikes
5+6 Pre-Lock (review+resolve)  ~ profile=foundational · ✓ cove · ✓ 3amigo · ~ critique (diff owed)
6 Reconcile                    – no reconcile/
7 Finalize                     ✓ gate.md
7.1 Cluster                    ✓ clustered=true · cluster_reconciled=true · key=0021-0022-0023
8 Implement                    – no capsule

# 0022
1 Seed                         ✓ Draft
2 Propose                      – no Ground-sweep: · joint_checks=1
3 Refine                       ~ judged done — 1 Verified, 1 terminal
4 Resolve                      ~ judged done — verdicts terminal, no spikes
5+6 Pre-Lock (review+resolve)  ✓ profile=small
6 Reconcile                    ✓ reconcile/reconcile.md
7 Finalize                     – gate.md
7.1 Cluster                    ✓ clustered unset · cluster_reconciled=true · key=0021-0022-0023
8 Implement                    ~ impl_state=IN-PROGRESS · req_count=0-10 · impl_orphans=0 · impl_open_decisions=0 · impl_deviation_types_unknown=0 · impl_mvv_recorded=true · impl_verification_recorded unset · impl_findings_open unset

# 0023
1 Seed                         ✓ Implemented
2 Propose                      – no Ground-sweep: · joint_checks unset
3 Refine                       ~ judged done — 1 Verified, 0 terminal
4 Resolve                      ~ judged done — verdicts terminal, no spikes
5+6 Pre-Lock (review+resolve)  – profile=small · legacy evidence shape
6 Reconcile                    – no reconcile/
7 Finalize                     – gate.md
7.1 Cluster                    ✓ clustered unset · cluster_reconciled=true · key=0021-0022-0023
8 Implement                    – no capsule

# 0024
1 Seed                         ✓ Deferred
2 Propose                      – no Premortem:, no Ground-sweep: · joint_checks unset
3 Refine                       ~ open — CAs all Pending
4 Resolve                      – open — 1 of 1 Pending
5+6 Pre-Lock (review+resolve)  – profile=mid
6 Reconcile                    – no reconcile/
7 Finalize                     – gate.md
7.1 Cluster                    ~ not clustered · clustered unset · cluster_reconciled=false
8 Implement                    – no capsule

# 0025
1 Seed                         ✓ Draft
2 Propose                      – no Premortem:, no Ground-sweep: · joint_checks unset
3 Refine                       ? unreadable — CA list unfilled or off-vocabulary
4 Resolve                      ? unreadable — CA list unfilled or off-vocabulary
5+6 Pre-Lock (review+resolve)  – profile unset
6 Reconcile                    – no reconcile/
7 Finalize                     – gate.md
7.1 Cluster                    ~ not clustered · clustered unset · cluster_reconciled=false
8 Implement                    – no capsule

# 0027
1 Seed                         ✓ Implemented
2 Propose                      – no Ground-sweep: · joint_checks unset
3 Refine                       ~ judged done — 1 Verified, 0 terminal
4 Resolve                      ~ judged done — verdicts terminal, no spikes
5+6 Pre-Lock (review+resolve)  – profile=small
6 Reconcile                    – no reconcile/
7 Finalize                     ✓ gate.md
7.1 Cluster                    ~ not clustered · clustered unset · cluster_reconciled=false
8 Implement                    ✓ impl_state=COMPLETE · req_count=0-10 · impl_orphans unset · impl_open_decisions unset · impl_deviation_types_unknown unset · impl_mvv_recorded unset · impl_verification_recorded unset · impl_findings_open unset

# 0028
1 Seed                         ✓ Final
2 Propose                      – no Ground-sweep: · joint_checks unset
3 Refine                       ~ judged done — 1 Verified, 0 terminal
4 Resolve                      ~ judged done — verdicts terminal, no spikes
5+6 Pre-Lock (review+resolve)  – profile=small
6 Reconcile                    – no reconcile/
7 Finalize                     – gate.md
7.1 Cluster                    ~ not clustered · clustered unset · cluster_reconciled=false
8 Implement                    ✓ impl_state=COMPLETE · req_count=0-10 · impl_orphans unset · impl_open_decisions unset · impl_deviation_types_unknown unset · impl_mvv_recorded unset · impl_verification_recorded unset · impl_findings_open unset

# 0029
1 Seed                         ✓ Final
2 Propose                      – no Ground-sweep: · joint_checks unset
3 Refine                       ~ judged done — 1 Verified, 0 terminal
4 Resolve                      ~ judged done — verdicts terminal, no spikes
5+6 Pre-Lock (review+resolve)  – profile=small
6 Reconcile                    – no reconcile/
7 Finalize                     ✓ gate.md
7.1 Cluster                    ~ not clustered · clustered unset · cluster_reconciled=false
8 Implement                    – no capsule

# 0030
1 Seed                         ✓ Final
2 Propose                      – no Ground-sweep: · joint_checks unset
3 Refine                       ~ judged done — 1 Verified, 0 terminal
4 Resolve                      ~ judged done — verdicts terminal, no spikes
5+6 Pre-Lock (review+resolve)  – profile=small
6 Reconcile                    – no reconcile/
7 Finalize                     – gate.md
7.1 Cluster                    ~ not clustered · clustered unset · cluster_reconciled=false
8 Implement                    ✓ impl_state=COMPLETE · req_count=0-10 · impl_orphans=0 · impl_open_decisions=0 · impl_deviation_types_unknown=0 · impl_mvv_recorded=true · impl_verification_recorded=true · impl_findings_open=0

# 0033
1 Seed                         ✓ Draft
2 Propose                      ✓ Premortem: Ground-sweep: · joint_checks=1
3 Refine                       ~ judged done — 2 Verified, 0 terminal
4 Resolve                      ✓ spikes
5+6 Pre-Lock (review+resolve)  ✓ profile=mid · ✓ grounding · ✓ 3amigo
6 Reconcile                    ✓ reconcile/reconcile.md
7 Finalize                     – gate.md
7.1 Cluster                    ~ not clustered · clustered unset · cluster_reconciled=false
8 Implement                    – no capsule

# 0036
1 Seed                         ✓ Implemented
2 Propose                      – no Ground-sweep: · joint_checks unset
3 Refine                       ~ judged done — 1 Verified, 0 terminal
4 Resolve                      ~ judged done — verdicts terminal, no spikes
5+6 Pre-Lock (review+resolve)  – profile=small
6 Reconcile                    – no reconcile/
7 Finalize                     – gate.md
7.1 Cluster                    ~ not clustered · clustered unset · cluster_reconciled=false
8 Implement                    – no capsule

# 0037
1 Seed                         ✓ Final
2 Propose                      – no Ground-sweep: · joint_checks unset
3 Refine                       ~ judged done — 1 Verified, 0 terminal
4 Resolve                      ~ judged done — verdicts terminal, no spikes
5+6 Pre-Lock (review+resolve)  – profile=small
6 Reconcile                    – no reconcile/
7 Finalize                     – gate.md
7.1 Cluster                    ~ not clustered · clustered unset · cluster_reconciled=false
8 Implement                    – no capsule

# 0038
1 Seed                         ✓ Final
2 Propose                      – no Ground-sweep: · joint_checks unset
3 Refine                       ~ judged done — 1 Verified, 0 terminal
4 Resolve                      ~ judged done — verdicts terminal, no spikes
5+6 Pre-Lock (review+resolve)  – profile=small
6 Reconcile                    – no reconcile/
7 Finalize                     – gate.md
7.1 Cluster                    – clustered=true · cluster_reconciled=false · declared=["0039"]
8 Implement                    – no capsule

# 0039
1 Seed                         ✓ Final
2 Propose                      – no Ground-sweep: · joint_checks unset
3 Refine                       ~ judged done — 1 Verified, 0 terminal
4 Resolve                      ~ judged done — verdicts terminal, no spikes
5+6 Pre-Lock (review+resolve)  – profile=small
6 Reconcile                    – no reconcile/
7 Finalize                     – gate.md
7.1 Cluster                    – clustered=true · cluster_reconciled=false · declared=["0038"]
8 Implement                    – no capsule

# 0040
1 Seed                         ✓ Final
2 Propose                      – no Ground-sweep: · joint_checks unset
3 Refine                       ~ judged done — 1 Verified, 0 terminal
4 Resolve                      ~ judged done — verdicts terminal, no spikes
5+6 Pre-Lock (review+resolve)  – profile=small
6 Reconcile                    – no reconcile/
7 Finalize                     – gate.md
7.1 Cluster                    – clustered=true · cluster_reconciled=false · declared=["0041"]
8 Implement                    – no capsule

# 0041
1 Seed                         ✓ Final
2 Propose                      – no Ground-sweep: · joint_checks unset
3 Refine                       ~ judged done — 1 Verified, 0 terminal
4 Resolve                      ~ judged done — verdicts terminal, no spikes
5+6 Pre-Lock (review+resolve)  – profile=small
6 Reconcile                    – no reconcile/
7 Finalize                     – gate.md
7.1 Cluster                    – clustered=true · cluster_reconciled=false · declared=["0040"]
8 Implement                    – no capsule

# 0042
1 Seed                         ✓ Final
2 Propose                      – no Ground-sweep: · joint_checks unset
3 Refine                       ~ judged done — 1 Verified, 0 terminal
4 Resolve                      ~ judged done — verdicts terminal, no spikes
5+6 Pre-Lock (review+resolve)  – profile=small
6 Reconcile                    – no reconcile/
7 Finalize                     – gate.md
7.1 Cluster                    – clustered=true · cluster_reconciled=false · declared=["0043"]
8 Implement                    – no capsule

# 0043
1 Seed                         ✓ Final
2 Propose                      – no Ground-sweep: · joint_checks unset
3 Refine                       ~ judged done — 1 Verified, 0 terminal
4 Resolve                      ~ judged done — verdicts terminal, no spikes
5+6 Pre-Lock (review+resolve)  – profile=small
6 Reconcile                    – no reconcile/
7 Finalize                     – gate.md
7.1 Cluster                    – clustered=true · cluster_reconciled=false · declared=["0042"]
8 Implement                    – no capsule

