# 0020
status                       enum    Draft
status_form                  enum    none
status_reentry               bool    false
status_parked                bool    false
open_joint_decisions         set     []
profile                      enum    mid
profile_raw                  scalar  mid — one contract plus the eviction metrics surface
lines                        enum    0-400
seam_lineage_count           int     2
seam_lineage                 enum    2+
accretion_disposition        bool    true
contracts                    int     0
ca_total                     int     2
ca_verified                  int     0
ca_pending                   int     2
ca_unverified                int     0
ca_other_terminal            int     0
ca_placeholder               int     0
ca_off_vocabulary            int     0
ca                           enum    all-pending
premortem_line               bool    false
ground_sweep_line            bool    false
lens_grounding               bool    false
lens_3amigo                  bool    false
lens_critique                bool    false
lens_repeatability           bool    false
lens_cove                    bool    false
lens_grounding_findings      bool    false
lens_cove_findings           bool    false
lens_3amigo_consolidation    bool    false
lens_critique_single         bool    false
lens_critique_modelb         bool    false
lens_critique_diff           bool    false
lens_repeatability_run1      bool    false
lens_repeatability_run2      bool    false
lens_repeatability_run3      bool    false
lens_repeatability_diff      bool    false
critique_models              enum    absent
propose_premortem            bool    false
spikes                       bool    false
reconcile                    bool    false
reconcile_report             bool    false
reconcile_report_alt         bool    false
reconcile_report_alt2        bool    false
iter_2                       bool    false
legacy_evidence_shape        bool    false
lens_stale                   enum    none
gate_stale                   bool    false
gate_written                 bool    false
impl_capsule                 bool    false
cluster_reconciled           bool    false
contracts_prose              bool    false
ca_pending_ids               set     ["0020:A1","0020:A2"]
ca_off_vocabulary_ids        set     []

# 0021
status                       enum    Final
status_form                  enum    joint-decision
status_reentry               bool    false
status_parked                bool    false
open_joint_decisions         set     []
profile                      enum    foundational
profile_raw                  scalar  foundational — locks the warm-up contract across both readers and the metrics surface
lines                        enum    0-400
seam_lineage_count           int     3
seam_lineage                 enum    2+
accretion_disposition        bool    false
contracts                    int     1
cluster                      set     ["0020","0022"]
clustered                    bool    true
ca_total                     int     1
ca_verified                  int     1
ca_pending                   int     0
ca_unverified                int     0
ca_other_terminal            int     0
ca_placeholder               int     0
ca_off_vocabulary            int     0
ca                           enum    all-terminal
premortem_line               bool    true
ground_sweep_line            bool    true
lens_grounding               bool    false
lens_3amigo                  bool    true
lens_critique                bool    true
lens_repeatability           bool    false
lens_cove                    bool    true
lens_grounding_findings      bool    false
lens_cove_findings           bool    true
lens_3amigo_consolidation    bool    true
lens_critique_single         bool    true
lens_critique_modelb         bool    false
lens_critique_diff           bool    false
lens_repeatability_run1      bool    false
lens_repeatability_run2      bool    false
lens_repeatability_run3      bool    false
lens_repeatability_diff      bool    false
critique_model_a             scalar  synthetic-model-a[1m]
critique_models              enum    absent
propose_premortem            bool    false
spikes                       bool    false
reconcile                    bool    false
reconcile_report             bool    false
reconcile_report_alt         bool    false
reconcile_report_alt2        bool    false
iter_2                       bool    false
legacy_evidence_shape        bool    false
lens_stale                   enum    none
gate_stale                   bool    false
gate_written                 bool    true
impl_capsule                 bool    false
cluster_reconciled           bool    true
cluster_key                  scalar  0021-0022-0023
contracts_prose              bool    true
ca_pending_ids               set     []
ca_off_vocabulary_ids        set     []

# 0022
status                       enum    Draft
status_form                  enum    revised-from
status_reentry               bool    true
status_parked                bool    false
open_joint_decisions         set     []
profile                      enum    small
profile_raw                  scalar  small
lines                        enum    0-400
seam_lineage_count           int     0
seam_lineage                 enum    0
accretion_disposition        bool    false
contracts                    int     0
ca_total                     int     2
ca_verified                  int     1
ca_pending                   int     0
ca_unverified                int     0
ca_other_terminal            int     1
ca_placeholder               int     0
ca_off_vocabulary            int     0
ca                           enum    all-terminal
premortem_line               bool    true
ground_sweep_line            bool    false
lens_grounding               bool    false
lens_3amigo                  bool    false
lens_critique                bool    false
lens_repeatability           bool    false
lens_cove                    bool    false
lens_grounding_findings      bool    false
lens_cove_findings           bool    false
lens_3amigo_consolidation    bool    false
lens_critique_single         bool    false
lens_critique_modelb         bool    false
lens_critique_diff           bool    false
lens_repeatability_run1      bool    false
lens_repeatability_run2      bool    false
lens_repeatability_run3      bool    false
lens_repeatability_diff      bool    false
critique_models              enum    absent
propose_premortem            bool    false
spikes                       bool    false
reconcile                    bool    true
reconcile_report             bool    true
reconcile_report_alt         bool    false
reconcile_report_alt2        bool    false
iter_2                       bool    false
legacy_evidence_shape        bool    false
lens_stale                   enum    none
gate_stale                   bool    false
gate_written                 bool    false
impl_capsule                 bool    true
impl_state                   enum    IN-PROGRESS
req_count                    enum    0-10
impl_orphans                 enum    0
impl_open_decisions          enum    0
impl_mvv_recorded            bool    true
cluster_reconciled           bool    true
cluster_key                  scalar  0021-0022-0023
contracts_prose              bool    false
ca_pending_ids               set     []
ca_off_vocabulary_ids        set     []
reverify                     set     ["0022:A1","0022:A2"]

# 0023
status                       enum    Implemented
status_form                  enum    none
status_reentry               bool    false
status_parked                bool    false
open_joint_decisions         set     []
profile                      enum    small
profile_raw                  scalar  small
lines                        enum    0-400
contracts                    int     0
ca_total                     int     1
ca_verified                  int     1
ca_pending                   int     0
ca_unverified                int     0
ca_other_terminal            int     0
ca_placeholder               int     0
ca_off_vocabulary            int     0
ca                           enum    all-terminal
premortem_line               bool    true
ground_sweep_line            bool    false
lens_grounding               bool    false
lens_3amigo                  bool    false
lens_critique                bool    false
lens_repeatability           bool    false
lens_cove                    bool    false
lens_grounding_findings      bool    false
lens_cove_findings           bool    false
lens_3amigo_consolidation    bool    false
lens_critique_single         bool    false
lens_critique_modelb         bool    false
lens_critique_diff           bool    false
lens_repeatability_run1      bool    false
lens_repeatability_run2      bool    false
lens_repeatability_run3      bool    false
lens_repeatability_diff      bool    false
critique_models              enum    absent
propose_premortem            bool    false
spikes                       bool    false
reconcile                    bool    false
reconcile_report             bool    false
reconcile_report_alt         bool    false
reconcile_report_alt2        bool    false
iter_2                       bool    false
legacy_evidence_shape        bool    true
lens_stale                   enum    none
gate_stale                   bool    false
gate_written                 bool    false
impl_capsule                 bool    false
cluster_reconciled           bool    true
cluster_key                  scalar  0021-0022-0023
contracts_prose              bool    false
ca_pending_ids               set     []
ca_off_vocabulary_ids        set     []

# 0024
status                       enum    Deferred
status_form                  enum    revisit-when
status_reentry               bool    false
status_parked                bool    true
open_joint_decisions         set     []
profile                      enum    mid
profile_raw                  scalar  mid
lines                        enum    0-400
contracts                    int     0
ca_total                     int     1
ca_verified                  int     0
ca_pending                   int     1
ca_unverified                int     0
ca_other_terminal            int     0
ca_placeholder               int     0
ca_off_vocabulary            int     0
ca                           enum    all-pending
premortem_line               bool    false
ground_sweep_line            bool    false
lens_grounding               bool    false
lens_3amigo                  bool    false
lens_critique                bool    false
lens_repeatability           bool    false
lens_cove                    bool    false
lens_grounding_findings      bool    false
lens_cove_findings           bool    false
lens_3amigo_consolidation    bool    false
lens_critique_single         bool    false
lens_critique_modelb         bool    false
lens_critique_diff           bool    false
lens_repeatability_run1      bool    false
lens_repeatability_run2      bool    false
lens_repeatability_run3      bool    false
lens_repeatability_diff      bool    false
critique_models              enum    absent
propose_premortem            bool    false
spikes                       bool    false
reconcile                    bool    false
reconcile_report             bool    false
reconcile_report_alt         bool    false
reconcile_report_alt2        bool    false
iter_2                       bool    false
legacy_evidence_shape        bool    false
lens_stale                   enum    none
gate_stale                   bool    false
gate_written                 bool    false
impl_capsule                 bool    false
cluster_reconciled           bool    false
contracts_prose              bool    false
ca_pending_ids               set     ["0024:A1"]
ca_off_vocabulary_ids        set     []

# 0025
status                       enum    Draft
status_form                  enum    none
status_reentry               bool    false
status_parked                bool    false
open_joint_decisions         set     []
lines                        enum    0-400
contracts                    int     0
ca_total                     int     1
ca_verified                  int     0
ca_pending                   int     0
ca_unverified                int     0
ca_other_terminal            int     0
ca_placeholder               int     1
ca_off_vocabulary            int     0
ca                           enum    unknown-plan
premortem_line               bool    false
ground_sweep_line            bool    false
lens_grounding               bool    false
lens_3amigo                  bool    false
lens_critique                bool    false
lens_repeatability           bool    false
lens_cove                    bool    false
lens_grounding_findings      bool    false
lens_cove_findings           bool    false
lens_3amigo_consolidation    bool    false
lens_critique_single         bool    false
lens_critique_modelb         bool    false
lens_critique_diff           bool    false
lens_repeatability_run1      bool    false
lens_repeatability_run2      bool    false
lens_repeatability_run3      bool    false
lens_repeatability_diff      bool    false
critique_models              enum    absent
propose_premortem            bool    false
spikes                       bool    false
reconcile                    bool    false
reconcile_report             bool    false
reconcile_report_alt         bool    false
reconcile_report_alt2        bool    false
iter_2                       bool    false
legacy_evidence_shape        bool    false
lens_stale                   enum    none
gate_stale                   bool    false
gate_written                 bool    false
impl_capsule                 bool    false
cluster_reconciled           bool    false
contracts_prose              bool    false
ca_pending_ids               set     []
ca_off_vocabulary_ids        set     []

# 0027
status                       enum    Implemented
status_form                  enum    none
status_reentry               bool    false
status_parked                bool    false
open_joint_decisions         set     []
profile                      enum    small
profile_raw                  scalar  small
lines                        enum    0-400
contracts                    int     0
ca_total                     int     1
ca_verified                  int     1
ca_pending                   int     0
ca_unverified                int     0
ca_other_terminal            int     0
ca_placeholder               int     0
ca_off_vocabulary            int     0
ca                           enum    all-terminal
premortem_line               bool    true
ground_sweep_line            bool    false
lens_grounding               bool    false
lens_3amigo                  bool    false
lens_critique                bool    false
lens_repeatability           bool    false
lens_cove                    bool    false
lens_grounding_findings      bool    false
lens_cove_findings           bool    false
lens_3amigo_consolidation    bool    false
lens_critique_single         bool    false
lens_critique_modelb         bool    false
lens_critique_diff           bool    false
lens_repeatability_run1      bool    false
lens_repeatability_run2      bool    false
lens_repeatability_run3      bool    false
lens_repeatability_diff      bool    false
critique_models              enum    absent
propose_premortem            bool    false
spikes                       bool    false
reconcile                    bool    false
reconcile_report             bool    false
reconcile_report_alt         bool    false
reconcile_report_alt2        bool    false
iter_2                       bool    false
legacy_evidence_shape        bool    false
lens_stale                   enum    none
gate_stale                   bool    false
gate_written                 bool    true
impl_capsule                 bool    true
impl_state                   enum    COMPLETE
req_count                    enum    0-10
cluster_reconciled           bool    false
contracts_prose              bool    false
ca_pending_ids               set     []
ca_off_vocabulary_ids        set     []

# 0028
status                       enum    Final
status_form                  enum    none
status_reentry               bool    false
status_parked                bool    false
open_joint_decisions         set     []
profile                      enum    small
profile_raw                  scalar  small
lines                        enum    0-400
contracts                    int     0
ca_total                     int     1
ca_verified                  int     1
ca_pending                   int     0
ca_unverified                int     0
ca_other_terminal            int     0
ca_placeholder               int     0
ca_off_vocabulary            int     0
ca                           enum    all-terminal
premortem_line               bool    true
ground_sweep_line            bool    false
lens_grounding               bool    false
lens_3amigo                  bool    false
lens_critique                bool    false
lens_repeatability           bool    false
lens_cove                    bool    false
lens_grounding_findings      bool    false
lens_cove_findings           bool    false
lens_3amigo_consolidation    bool    false
lens_critique_single         bool    false
lens_critique_modelb         bool    false
lens_critique_diff           bool    false
lens_repeatability_run1      bool    false
lens_repeatability_run2      bool    false
lens_repeatability_run3      bool    false
lens_repeatability_diff      bool    false
critique_models              enum    absent
propose_premortem            bool    false
spikes                       bool    false
reconcile                    bool    false
reconcile_report             bool    false
reconcile_report_alt         bool    false
reconcile_report_alt2        bool    false
iter_2                       bool    false
legacy_evidence_shape        bool    false
lens_stale                   enum    none
gate_stale                   bool    false
gate_written                 bool    false
impl_capsule                 bool    true
impl_state                   enum    COMPLETE
req_count                    enum    0-10
cluster_reconciled           bool    false
contracts_prose              bool    false
ca_pending_ids               set     []
ca_off_vocabulary_ids        set     []

# 0029
status                       enum    Final
status_form                  enum    none
status_reentry               bool    false
status_parked                bool    false
open_joint_decisions         set     []
profile                      enum    small
profile_raw                  scalar  small
lines                        enum    0-400
contracts                    int     0
ca_total                     int     1
ca_verified                  int     1
ca_pending                   int     0
ca_unverified                int     0
ca_other_terminal            int     0
ca_placeholder               int     0
ca_off_vocabulary            int     0
ca                           enum    all-terminal
premortem_line               bool    true
ground_sweep_line            bool    false
lens_grounding               bool    false
lens_3amigo                  bool    false
lens_critique                bool    false
lens_repeatability           bool    false
lens_cove                    bool    false
lens_grounding_findings      bool    false
lens_cove_findings           bool    false
lens_3amigo_consolidation    bool    false
lens_critique_single         bool    false
lens_critique_modelb         bool    false
lens_critique_diff           bool    false
lens_repeatability_run1      bool    false
lens_repeatability_run2      bool    false
lens_repeatability_run3      bool    false
lens_repeatability_diff      bool    false
critique_models              enum    absent
propose_premortem            bool    false
spikes                       bool    false
reconcile                    bool    false
reconcile_report             bool    false
reconcile_report_alt         bool    false
reconcile_report_alt2        bool    false
iter_2                       bool    false
legacy_evidence_shape        bool    false
lens_stale                   enum    none
gate_stale                   bool    false
gate_written                 bool    true
impl_capsule                 bool    false
cluster_reconciled           bool    false
contracts_prose              bool    false
ca_pending_ids               set     []
ca_off_vocabulary_ids        set     []

